Epoch 1/12
685/685 - 5s - 8ms/step - loss: 0.0049 - val_loss: 0.0026
Epoch 2/12
685/685 - 5s - 7ms/step - loss: 0.0021 - val_loss: 0.0021
Epoch 3/12
685/685 - 5s - 7ms/step - loss: 0.0018 - val_loss: 0.0017
Epoch 4/12
685/685 - 5s - 8ms/step - loss: 0.0017 - val_loss: 0.0020
Epoch 5/12
685/685 - 5s - 7ms/step - loss: 0.0014 - val_loss: 0.0013
Epoch 6/12
685/685 - 5s - 7ms/step - loss: 0.0014 - val_loss: 0.0012
Epoch 7/12
685/685 - 5s - 7ms/step - loss: 0.0012 - val_loss: 0.0012
Epoch 8/12
685/685 - 5s - 7ms/step - loss: 0.0013 - val_loss: 0.0011
Epoch 9/12
685/685 - 5s - 7ms/step - loss: 0.0012 - val_loss: 0.0011
Epoch 10/12
685/685 - 5s - 7ms/step - loss: 0.0012 - val_loss: 0.0010
Epoch 11/12
685/685 - 5s - 7ms/step - loss: 0.0012 - val_loss: 0.0012
Epoch 12/12
685/685 - 5s - 7ms/step - loss: 0.0011 - val_loss: 0.0010
/Users/taedong99/Desktop/AIOps_과제/EtchGuard/.venv/lib/python3.11/site-packages/mlflow/pyfunc/utils/data_validation.py:187: UserWarning: [33mAdd type hints to the `predict` method to enable data validation and automatic signature inference during model logging. Check https://mlflow.org/docs/latest/model/python_model.html#type-hint-usage-in-pythonmodel for more details.[0m
  color_warning(
2026/10/01 09:25:01 INFO mlflow.store.db.utils: Creating initial MLflow database tables...
2026/10/01 09:25:01 INFO mlflow.store.db.utils: Updating database tables
2026/10/01 09:25:02 WARNING mlflow.pyfunc: Passing a Python object as `python_model` causes it to be serialized using CloudPickle, it requires exercising caution as Python object serialization mechanisms may execute arbitrary code during deserialization.Consider using a file path (str or Path) instead. See https://mlflow.org/docs/latest/ml/model/models-from-code/ for details.
2026/10/01 09:25:02 INFO mlflow.pyfunc: Validating input example against model signature
Successfully registered model 'Semiconductor_Etch_LSTM'.
Created version '1' of model 'Semiconductor_Etch_LSTM'.
{
  "bundle": "/Users/taedong99/Desktop/AIOps_\u1100\u116a\u110c\u1166/EtchGuard/semiconductor_state/bundles/20261001T002500-c775a1",
  "validation": {
    "samples": 24070,
    "rmse": 3.1636011600494385,
    "mae": 2.1619300842285156,
    "precision": 0.8761180679785331,
    "recall": 0.9333015721772272,
    "f1": 0.9038062283737024,
    "tp": 1959,
    "fp": 277,
    "fn": 140,
    "tn": 21694
  },
  "test": {
    "samples": 24070,
    "rmse": 3.0826380252838135,
    "mae": 2.085527181625366,
    "precision": 0.9320962479608483,
    "recall": 0.942085737840066,
    "f1": 0.9370643706437065,
    "tp": 4571,
    "fp": 333,
    "fn": 281,
    "tn": 18885
  },
  "drift": {
    "samples": 39460,
    "rmse": 8.071842193603516,
    "mae": 6.549990177154541,
    "precision": 0.7878626799557032,
    "recall": 0.9959681935267107,
    "f1": 0.8797764202507853,
    "tp": 17786,
    "fp": 4789,
    "fn": 72,
    "tn": 16813
  },
  "gate": {
    "passed": true,
    "checks": {
      "finite": true,
      "rmse": true,
      "high_recall": true,
      "high_precision": true
    },
    "thresholds": {
      "rmse_max": 4.0,
      "recall_min": 0.8,
      "precision_min": 0.8
    }
  },
  "registry": {
    "run_id": "c09cf073adea4bf29a891dfbbe7aea12",
    "registered_version": 1,
    "promoted": true,
    "previous_production": null
  }
}
[GATE PASSED] rmse=3.164 ≤ 4.0 recall=0.933 precision=0.876
.venv/bin/python -m semiconductor.train --register  253.82s user 77.85s system 490% cpu 1:07.62 total
