    "f1": 0.9370643706437065,
    "tp": 4571,
    "fp": 333,
    "fn": 281,
    "tn": 18885
  },
  "drift": {
    "samples": 39460,
    "rmse": 8.071842193603516,
    "mae": 6.549990177154541,
    "precision": 0.7878626799557032,
    "recall": 0.9959681935267107,
    "f1": 0.8797764202507853,
    "tp": 17786,
    "fp": 4789,
    "fn": 72,
    "tn": 16813
  },
  "gate": {
    "passed": false,
    "checks": {
      "finite": true,
      "rmse": false,
      "high_recall": true,
      "high_precision": true
    },
    "thresholds": {
      "rmse_max": 0.0,
      "recall_min": 0.8,
      "precision_min": 0.8
    }
  },
  "registry": {
    "run_id": "22b371afc2f44d5094ebc83c184a62d0",
    "registered_version": 4,
    "promoted": false,
    "previous_production": 3
  }
}
[GATE FAILED] failed=['rmse'] rmse=3.164 → 기존 Production 유지
