 W(h)    T  K  FA/eq-month  flagged  delay(h)
 12.0  4.0  1         2.57    0.841  [12.0, 12.0, 12.0, 12.0, 12.0]
 12.0  4.5  1         2.36    0.785  [12.0, 12.0, 12.0, 12.0, 12.0]
 12.0  5.0  1         2.06    0.724  [12.0, 12.0, 12.0, 12.0, 12.0]
 12.0  6.0  1         1.32    0.563  [12.0, 12.0, 24.0, 24.0, 12.0]
 12.0  4.0  2         0.66    0.798  [24.0, 24.0, 24.0, 24.0, 24.0]
 12.0  4.5  2         0.51    0.729  [24.0, 24.0, 24.0, 24.0, 24.0]
 12.0  5.0  2         0.27    0.656  [24.0, 24.0, 24.0, 24.0, 24.0]
 12.0  6.0  2         0.06    0.457  [24.0, 24.0, 36.0, 36.0, 24.0]
 12.0  4.0  3         0.03    0.768  [36.0, 36.0, 36.0, 36.0, 36.0]
 12.0  4.5  3         0.03    0.692  [36.0, 36.0, 36.0, 36.0, 36.0]
 12.0  5.0  3          0.0    0.605  [36.0, 36.0, 36.0, 36.0, 36.0]
 12.0  6.0  3          0.0    0.392  [36.0, 36.0, 48.0, 48.0, 36.0]
 24.0  4.0  1         2.07    0.849  [24.0, 24.0, 24.0, 24.0, 24.0]
 24.0  4.5  1         1.56    0.801  [24.0, 24.0, 24.0, 24.0, 24.0]
 24.0  5.0  1         1.32     0.74  [24.0, 24.0, 24.0, 24.0, 24.0]
 24.0  6.0  1         1.05    0.585  [24.0, 24.0, 24.0, 24.0, 24.0]
 24.0  4.0  2         0.27    0.794  [48.0, 48.0, 48.0, 48.0, 48.0]
 24.0  4.5  2         0.09     0.74  [48.0, 48.0, 48.0, 48.0, 48.0]
 24.0  5.0  2         0.06    0.672  [48.0, 48.0, 48.0, 48.0, 48.0]
 24.0  6.0  2          0.0     0.48  [48.0, 48.0, 48.0, 48.0, 48.0]
 24.0  4.0  3          0.0    0.746  [72.0, 72.0, 72.0, 72.0, 72.0]
 24.0  4.5  3          0.0    0.691  [72.0, 72.0, 72.0, 72.0, 72.0]
 24.0  5.0  3          0.0    0.617  [72.0, 72.0, 72.0, 72.0, 72.0]
 24.0  6.0  3          0.0    0.402  [72.0, 72.0, 72.0, 72.0, 72.0]
{
  "weeks": {
    "normal": 70,
    "drift": 115
  },
  "environment_sensor_median_psi_normal_weeks": {
    "same_month_reference": {
      "ambient_temperature_c": 0.282,
      "ambient_humidity_pct": 0.385,
      "cooling_water_temperature_c": 0.461
    },
    "pooled_reference": {
      "ambient_temperature_c": 4.865,
      "ambient_humidity_pct": 4.724,
      "cooling_water_temperature_c": 5.625
    }
  },
  "fixed_psi_0.25_alarm_rate_normal_weeks": 1.0,
  "typical_psi": {
    "ambient_temperature_c": 0.201,
    "ambient_humidity_pct": 0.133,
    "cooling_water_temperature_c": 0.346,
    "chamber_temperature_c": 1.171,
    "chamber_pressure_mtorr": 1.318,
    "cf4_flow_sccm": 0.222,
    "o2_flow_sccm": 0.182,
    "rf_power_w": 0.453,
    "process_time_sec": 0.298,
    "vibration_mm_s": 1.658,
    "particle_count": 1.528
  },
  "top3_ratio_sensors": {
    "normal": [
      [
        "ambient_humidity_pct",
        46
      ],
      [
        "ambient_temperature_c",
        35
      ],
      [
        "cooling_water_temperature_c",
        31
      ],
      [
        "o2_flow_sccm",
        23
      ],
      [
        "cf4_flow_sccm",
        16
      ]
    ],
    "drift": [
      [
        "rf_power_w",
        115
      ],
      [
        "chamber_pressure_mtorr",
        90
      ],
      [
        "vibration_mm_s",
        55
      ],
      [
        "ambient_temperature_c",
        27
      ],
      [
        "cooling_water_temperature_c",
        20
      ]
    ]
  }
}
chosen: {'window_cycles': 24, 'window_hours': 12.0, 'threshold': 5.0, 'consecutive': 3, 'false_alarms_per_equipment_month': 0.0, 'drift_windows_flagged': 0.605, 'detection_delay_hours': [36.0, 36.0, 36.0, 36.0, 36.0]}
