[0] serving production-v1 (mlflow)

=== normal: 정상 운전 (2025년 6월, 학습에 쓰지 않은 기간) ===
[normal] ETCH-01 n=336 batch_rmse=2.64 last_window=2.687 streak=0 status=ok model=production-v1 (0.0s)
[normal] ETCH-02 n=336 batch_rmse=2.45 last_window=2.763 streak=0 status=ok model=production-v1 (0.0s)
[normal] ETCH-03 n=336 batch_rmse=3.28 last_window=2.022 streak=0 status=ok model=production-v1 (0.0s)
[normal] ETCH-04 n=336 batch_rmse=2.51 last_window=2.602 streak=0 status=ok model=production-v1 (0.0s)
[normal] ETCH-05 n=336 batch_rmse=4.34 last_window=2.933 streak=0 status=ok model=production-v1 (0.0s)

=== season: 계절 변화: 장마·고온 (재학습이 일어나면 안 됨) ===
[season] ETCH-01 n=336 batch_rmse=2.89 last_window=2.81 streak=0 status=ok model=production-v1 (0.0s)
[season] ETCH-02 n=336 batch_rmse=4.74 last_window=6.771 streak=1 status=watch model=production-v1 (0.0s) | suspects: ambient_humidity_pct x2.6, o2_flow_sccm x0.9, chamber_temperature_c x0.9
[season] ETCH-03 n=336 batch_rmse=2.58 last_window=2.323 streak=0 status=ok model=production-v1 (0.0s)
[season] ETCH-04 n=336 batch_rmse=2.52 last_window=2.305 streak=0 status=ok model=production-v1 (0.0s)
[season] ETCH-05 n=336 batch_rmse=2.42 last_window=1.922 streak=0 status=ok model=production-v1 (0.0s)

=== drift_injection: 드리프트: 소모품 노후·레시피 변경 (압력↑, RF↓, 진동↑) ===
[drift_injection] ETCH-01 n=336 batch_rmse=8.71 last_window=6.699 streak=14 status=retrain_triggered model=production-v1 (0.0s) | suspects: rf_power_w x10.3, vibration_mm_s x2.6, chamber_pressure_mtorr x2.4
[drift_injection] ETCH-02 n=336 batch_rmse=7.38 last_window=5.314 streak=1 status=retrain_in_progress model=production-v1 (0.1s) | suspects: rf_power_w x8.5, vibration_mm_s x2.0, chamber_pressure_mtorr x1.7
[drift_injection] ETCH-03 n=336 batch_rmse=7.64 last_window=7.634 streak=14 status=retrain_in_progress model=production-v1 (0.1s) | suspects: rf_power_w x8.2, vibration_mm_s x1.7, chamber_pressure_mtorr x1.4
[drift_injection] ETCH-04 n=336 batch_rmse=7.89 last_window=8.434 streak=14 status=retrain_in_progress model=production-v1 (0.1s) | suspects: rf_power_w x7.3, chamber_temperature_c x2.1, process_time_sec x1.8
[drift_injection] ETCH-05 n=336 batch_rmse=8.48 last_window=10.863 streak=14 status=retrain_in_progress model=production-v1 (0.1s) | suspects: rf_power_w x12.3, chamber_pressure_mtorr x4.6, vibration_mm_s x3.7
[retrain] {"equipment_id": "ETCH-01", "until": "2025-07-27T13:30:00", "started_at": "2026-10-01T00:23:11", "promoted": true, "new_rmse": 2.642, "champion_rmse": 8.038, "checks": {"finite": true, "rmse": true, "high_recall": true, "high_precision": true, "beats_champion": true, "no_regression_golden": true}, "registered_version": 2, "previous_version": "production-v1", "new_version": "production-v2", "finished_at": "2026-10-01T00:23:13"}

=== after_retrain: 재학습 이후 다음 주 (새 Production 성능 확인) ===
[after_retrain] ETCH-01 n=336 batch_rmse=2.56 last_window=2.126 streak=0 status=ok model=production-v2 (0.1s)
[after_retrain] ETCH-02 n=336 batch_rmse=3.16 last_window=3.232 streak=0 status=ok model=production-v2 (0.2s)
[after_retrain] ETCH-03 n=336 batch_rmse=4.85 last_window=15.036 streak=1 status=watch model=production-v2 (0.0s) | suspects: ambient_humidity_pct x29.4, rf_power_w x17.7, chamber_pressure_mtorr x5.3
[after_retrain] ETCH-04 n=336 batch_rmse=2.38 last_window=2.673 streak=0 status=ok model=production-v2 (0.0s)
[after_retrain] ETCH-05 n=336 batch_rmse=4.15 last_window=2.81 streak=0 status=ok model=production-v2 (0.0s)

[done] model production-v1 → production-v2
evidence → evidence/07b_docker_simulate_drift.json
